[adornmentevents.com/index.html]
[adornmentevents.com/i]
[backblue.gif]
[fade.gif]
[index.html]
[adornmentevents.com/wp-content/uploads/summerfestival.woff2]
[adornmentevents.com/Firefox/index.html]
[adornmentevents.com/wp-content/uploads/avenir-next-regular.woff2]
[adornmentevents.com/wp-content/uploads/summerfestival.woff]
[adornmentevents.com/wp-content/uploads/avenir-next-regular.woff]
[adornmentevents.com/wp-content/plugins/instagram-feed-pro/img/sbi-sprite.png]
[adornmentevents.com/wp-json/index.html]
[adornmentevents.com/wp-json/wp/v2/pages/2.json]
[adornmentevents.com/wp-content/uploads/cropped-favicon-32x32.png]
[adornmentevents.com/wp-content/uploads/cropped-favicon-192x192.png]
[adornmentevents.com/wp-content/uploads/cropped-favicon-180x180.png]
[adornmentevents.com/wp-content/uploads/home-hero-bg.jpg]
[adornmentevents.com/wp-content/uploads/white-block.png]
[adornmentevents.com/wp-content/uploads/Derek_Ryan_W0642-1.jpg]
[adornmentevents.com/wp-content/uploads/carisa.jpg]
[adornmentevents.com/wp-content/uploads/trees-bottom.jpg]
[adornmentevents.com/wp-content/plugins/wp-rocket/assets/img/youtube.png]
[adornmentevents.com/wp-content/uploads/ae-logo-2022.svg]
[adornmentevents.com/about-us/index.html]
[adornmentevents.com/preferred-partners/index.html]
[adornmentevents.com/wedding-planning/index.html]
[adornmentevents.com/destination-weddings/index.html]
[adornmentevents.com/corporate-events/index.html]
[adornmentevents.com/wp-content/uploads/ae-logo-2022-horizontal.svg]
[adornmentevents.com/kind-words/index.html]
[adornmentevents.com/galleries/index.html]
[adornmentevents.com/wp-content/uploads/ww-24.png]
[adornmentevents.com/contact/index.html]
[adornmentevents.com/wp-content/uploads/or-bride-23.png]
[adornmentevents.com/wp-content/uploads/google-5.0.png]
[adornmentevents.com/wp-content/uploads/ww-23.png]
[adornmentevents.com/wp-content/uploads/ww-14-22.png]
[adornmentevents.com/wp-content/uploads/or-bride-badge-18-19.png]
[adornmentevents.com/wp-content/uploads/yelp-5.0.png]
[adornmentevents.com/wp-content/uploads/or-bride-badge-15-16.png]
[adornmentevents.com/wp-content/uploads/facebook-5.0.png]
[adornmentevents.com/wp-content/uploads/award-ob-2018@2x-8.png]
[adornmentevents.com/wp-content/uploads/award-ww-2014-2021@2x-8.png]
[adornmentevents.com/wp-content/uploads/award-google-stars@2x-8.png]
[adornmentevents.com/wp-content/uploads/award-ww-2022@2x-8.png]
[adornmentevents.com/wp-content/uploads/award-ob-2019@2x-8.png]
[adornmentevents.com/wp-content/uploads/ORB-BO23-Finalist-Badge-transparent.png]
[adornmentevents.com/wp-content/uploads/crown-line-right.png]
[adornmentevents.com/wp-content/uploads/Allana-and-Rob-wedding-839-1.jpg]
[adornmentevents.com/wp-content/uploads/Kaitlin_Mark_W0053-copy.jpg]
[adornmentevents.com/wp-content/uploads/crown-divide-center.svg]
[adornmentevents.com/wp-content/uploads/Brain-Matt-0217-2.jpg]
[adornmentevents.com/wedding-planning.html]
[adornmentevents.com/wp-content/uploads/Morgan.jpg]
[adornmentevents.com/wp-content/uploads/elementor/thumbs/insta1-pz9u4q5kcmdjislf9sml36f5okx2kc3pcm06uqj5b4.jpg]
[adornmentevents.com/wp-content/uploads/elementor/thumbs/insta3-pz9u4r3ejgetuek24b17no6m9ysfs17foqnoc0hr4w.jpg]
[adornmentevents.com/wp-content/uploads/elementor/thumbs/insta2-pz9u4q5kcmdjislf9sml36f5okx2kc3pcm06uqj5b4.jpg]
[adornmentevents.com/wp-content/uploads/ae-logo-2022-light.svg]
[adornmentevents.com/wp-content/uploads/lgbtqflag.png]
[adornmentevents.17hats.com/vendor/iframeSizer.min.js]
[adornmentevents.com/wp-includes/js/jquery/jquery.minf43b.js]
[adornmentevents.com/wp-content/plugins/elementor-pro/assets/lib/smartmenus/jquery.smartmenus.min1576.js]
[adornmentevents.com/wp-content/plugins/elementor-pro/assets/js/webpack-pro.runtime.min34a7.js]
[adornmentevents.com/wp-content/plugins/elementor/assets/js/webpack.runtime.min34a7.js]
[adornmentevents.com/wp-content/plugins/elementor/assets/js/frontend-modules.min34a7.js]
[adornmentevents.com/wp-includes/js/dist/hooks.min2ebd.js]
[adornmentevents.com/wp-includes/js/dist/i18n.minf92f.js]
[adornmentevents.com/wp-content/plugins/elementor-pro/assets/js/frontend.min34a7.js]
[adornmentevents.com/wp-content/plugins/elementor/assets/lib/waypoints/waypoints.min05da.js]
[adornmentevents.com/wp-includes/js/jquery/ui/core.min3f14.js]
[adornmentevents.com/wp-content/plugins/elementor/assets/js/frontend.min34a7.js]
[adornmentevents.com/wp-content/plugins/elementor-pro/assets/js/elements-handlers.min34a7.js]
[adornmentevents.com/index.html]
[adornmentevents.com/i.html]
[adornmentevents.com/Firefox/index.html]
[adornmentevents.com/wp-content/plugins/wp-rocket/assets/js/lazyload/17.8.3/lazyload.min.js]
[adornmentevents.com/about-us/i]
[adornmentevents.com/wp-json/wp/v2/pages/114.json]
[adornmentevents.com/about-us/Firefox/index.html]
[adornmentevents.com/about-us/index.html]
[adornmentevents.com/wp-content/plugins/elementor/assets/lib/e-gallery/js/e-gallery.min7359.js]
[adornmentevents.com/preferred-partners/i]
[adornmentevents.com/wp-content/cache/background-css/adornmentevents.com/wp-content/plugins/instagram-feed-pro/css/sbi-styles.mine1f6.css]
[adornmentevents.com/wp-content/themes/hello-elementor/style.min41fe.css]
[adornmentevents.com/wp-content/themes/hello-elementor/theme.min41fe.css]
[adornmentevents.com/preferred-partners/Firefox/index.html]
[adornmentevents.com/wp-content/plugins/elementor/assets/css/frontend-lite.min34a7.css]
[adornmentevents.com/wp-content/cache/min/1/wp-content/plugins/elementor/assets/lib/swiper/v8/css/swiper.min6eaf.css]
[adornmentevents.com/wp-content/uploads/elementor/css/post-72bdf.css]
[adornmentevents.com/wp-content/plugins/elementor-pro/assets/css/frontend-lite.min34a7.css]
[adornmentevents.com/wp-content/uploads/elementor/css/global2bdf.css]
[adornmentevents.com/wp-content/uploads/elementor/css/post-6932c7b.css]
[adornmentevents.com/wp-content/uploads/elementor/css/post-306eaf.css]
[adornmentevents.com/wp-content/uploads/elementor/css/post-512bdf.css]
[adornmentevents.com/wp-content/themes/hello-theme-child-master/style8a54.css]
[adornmentevents.com/wp-json/wp/v2/pages/693.json]
[adornmentevents.com/wp-content/plugins/instagram-feed-pro/img/small-logo.png]
[adornmentevents.com/wp-content/plugins/elementor-pro/assets/css/widget-nav-menu.min.css]
[adornmentevents.com/wp-content/uploads/elementor/css/post-13825c2d.css]
[adornmentevents.com/preferred-partners/index.html]
[adornmentevents.com/wp-content/plugins/elementor/assets/lib/animations/animations.min34a7.css]
[adornmentevents.com/wedding-planning/i]
[adornmentevents.com/wp-content/uploads/gallery2023-lodge-35-682x1024.jpg]
[adornmentevents.com/wp-content/cache/background-css/adornmentevents.com/wp-content/plugins/instagram-feed-pro/css/sbi-styles.mined03.css]
[adornmentevents.com/wedding-planning/Firefox/index.html]
[adornmentevents.com/wp-content/cache/background-css/adornmentevents.com/wp-content/uploads/elementor/css/post-571c56c.css]
[adornmentevents.com/wp-json/wp/v2/pages/571.json]
[adornmentevents.com/wp-content/uploads/gallery2023-lodge-60-683x1024.jpg]
[adornmentevents.com/wp-content/uploads/elementor/thumbs/2024-slide-Slide1-qjgy4ytsero88mn1zfj2k2itb37gl2mi46rra4zgcc.webp]
[adornmentevents.com/wp-content/uploads/elementor/thumbs/2024-slide-Ceremony2-qjgy41xfrkfh6kmzhkncwcqopixpqlzhmeoohxlpww.webp]
[adornmentevents.com/wedding-planning/index.html]
[adornmentevents.com/destination-weddings/i]
[adornmentevents.com/wp-json/wp/v2/pages/1596.json]
[adornmentevents.com/destination-weddings/Firefox/index.html]
[adornmentevents.com/wp-content/uploads/Scenic8-cropped.png]
[adornmentevents.com/wp-content/uploads/elementor/thumbs/Destination-qjrf54cqhy4k3qbjmwnpu9li5mrhhvxmt02e7pnd28.webp]
[adornmentevents.com/wp-content/uploads/elementor/thumbs/DestinationPage_Scenic5-qjrf6rkkgidmf5xj1497pcnjkwnlytgq155zg57k68.webp]
[adornmentevents.com/wp-content/uploads/elementor/thumbs/DestinationPage-qjrf887e7t6t44hk5y6q2gbvxfp8r2gg68cto42oa8.webp]
[adornmentevents.com/destination-weddings/index.html]
[adornmentevents.com/corporate-events/i.5f.delayed]
[adornmentevents.com/corporate-events/index.html]
[adornmentevents.com/wp-json/wp/v2/pages/525.json]
[adornmentevents.com/corporate-events/Firefox/index.html]
[adornmentevents.com/kind-words/i]
[adornmentevents.com/wp-json/wp/v2/pages/701.json]
[adornmentevents.com/kind-words/Firefox/index.html]
[cdn1.weddingwire.com/img/sprite-widget.png]
[adornmentevents.com/wp-content/uploads/Jana5.jpg]
[adornmentevents.com/wp-content/uploads/David_Review.jpg]
[adornmentevents.com/wp-content/uploads/7-18-21-Reception-0128.jpg]
[adornmentevents.com/wp-content/uploads/0964_MoniqueJason-Portland-Wedding-Will-Khoury-Photography-8530.jpg]
[adornmentevents.com/kind-words/index.html]
[adornmentevents.com/wp-content/uploads/ae-logo-2022.svg]
[adornmentevents.com/galleries/i]
[adornmentevents.com/galleries/Firefox/index.html]
[adornmentevents.com/wp-json/wp/v2/pages/138.json]
[scontent-lax3-1.cdninstagram.com/v/t51.2885-15/425026217_1070443924230528_5001823918384524077_n83cc.jpg]
[adornmentevents.com/wp-content/plugins/instagram-feed-pro/img/placeholder.png]
[scontent-lax3-2.cdninstagram.com/v/t51.29350-15/423770544_2082047358823080_8577584493237545894_nf9fc.jpg]
[scontent-lax3-2.cdninstagram.com/v/t51.29350-15/419503752_1760230221121117_1538939719140823261_n97c8.jpg]
[scontent-lax3-2.cdninstagram.com/v/t51.29350-15/418752564_346529481489548_292463231186303057_n55d0.jpg]
[scontent-lax3-1.cdninstagram.com/v/t51.29350-15/418614277_692393936374083_4557324916761338424_nf118.jpg]
[scontent-lax3-1.cdninstagram.com/v/t51.29350-15/416414996_1079595636717335_2163031049361450083_n2394.jpg]
[scontent-lax3-2.cdninstagram.com/v/t51.29350-15/409199282_1315717935800681_3515292839051217094_n7cad.jpg]
[scontent-lax3-2.cdninstagram.com/v/t51.29350-15/401560866_266616809298366_4683927486907165725_n9184.jpg]
[scontent-lax3-1.cdninstagram.com/v/t51.29350-15/401826521_354915823694914_1609548883643060352_n767e.jpg]
[scontent-lax3-2.cdninstagram.com/v/t51.29350-15/369931589_701376478320525_1284147313992028906_n495d.jpg]
[scontent-lax3-1.cdninstagram.com/v/t51.29350-15/400806699_1720681861733424_2115508288461804522_nb221.jpg]
[scontent-lax3-2.cdninstagram.com/v/t51.29350-15/399040724_665296839025896_468814028927864891_n78e0.jpg]
[scontent-lax3-2.cdninstagram.com/v/t51.29350-15/397817840_360681046316957_4481527266166205463_n43fa.jpg]
[scontent-lax3-2.cdninstagram.com/v/t51.29350-15/397362346_1364870404411163_5203251179691762965_nda79.jpg]
[scontent-lax3-2.cdninstagram.com/v/t51.29350-15/391481716_183277611483519_2460186280307803114_n8ed3.jpg]
[scontent-lax3-1.cdninstagram.com/v/t51.29350-15/403876294_1076025727167032_1706156416974672681_n80bb.jpg]
[adornmentevents.com/wp-content/uploads/ae-gallery-urban-39.jpg]
[adornmentevents.com/wp-content/uploads/gallery2023-lodge-42.jpg]
[adornmentevents.com/wp-content/uploads/ae-gallery-ballroom-2.jpg]
[adornmentevents.com/wp-content/uploads/gallery2023-coast-4.jpg]
[adornmentevents.com/wp-content/uploads/ae-gallery-ballroom-7.jpg]
[adornmentevents.com/wp-content/uploads/gallery2023-lodge-11.jpg]
[adornmentevents.com/wp-content/uploads/gallery2023-ballroom-52.jpg]
[adornmentevents.com/wp-content/uploads/gallery2023-lodge-2.jpg]
[adornmentevents.com/wp-content/uploads/ae-gallery-coast-18.jpg]
[adornmentevents.com/wp-content/uploads/ae-gallery-boutique-54.jpg]
[adornmentevents.com/wp-content/uploads/ae-gallery-boutique-82.jpg]
[adornmentevents.com/wp-content/uploads/ae-gallery-urban-11.jpg]
[adornmentevents.com/wp-content/uploads/gallery2023-coast-15.jpg]
[adornmentevents.com/wp-content/uploads/ae-gallery-ballroom-23.jpg]
[adornmentevents.com/wp-content/uploads/gallery2023-coast-2.jpg]
[adornmentevents.com/wp-content/uploads/gallery2023-coast-3.jpg]
[adornmentevents.com/wp-content/uploads/ae-gallery-evergreen-43.jpg]
[adornmentevents.com/wp-content/uploads/gallery2023-urban-15.jpg]
[adornmentevents.com/wp-content/uploads/ae-gallery-boutique-14.jpg]
[adornmentevents.com/wp-content/uploads/ae-gallery-modern-21.jpg]
[adornmentevents.com/wp-content/uploads/gallery2023-ballroom-46.jpg]
[adornmentevents.com/wp-content/uploads/ae-gallery-coast-22.jpg]
[adornmentevents.com/wp-content/uploads/ae-gallery-evergreen-6.jpg]
[adornmentevents.com/wp-content/uploads/gallery2023-lodge-35.jpg]
[adornmentevents.com/wp-content/uploads/ae-gallery-forest-1.jpg]
[adornmentevents.com/wp-content/uploads/ae-gallery-boutique-39.jpg]
[adornmentevents.com/wp-content/uploads/ae-gallery-evergreen-15.jpg]
[adornmentevents.com/wp-content/uploads/gallery2023-lodge-14.jpg]
[adornmentevents.com/wp-content/uploads/gallery2023-urban-30.jpg]
[adornmentevents.com/wp-content/uploads/gallery2023-ballroom-13.jpg]
[adornmentevents.com/wp-content/uploads/gallery2023-coast-18.jpg]
[adornmentevents.com/wp-content/uploads/ae-gallery-modern-3.jpg]
[adornmentevents.com/wp-content/uploads/ae-gallery-boutique-75.jpg]
[adornmentevents.com/wp-content/uploads/ae-gallery-lodge-4.jpg]
[adornmentevents.com/wp-content/uploads/ae-gallery-ballroom-13.jpg]
[adornmentevents.com/wp-content/uploads/ae-gallery-evergreen-2.jpg]
[adornmentevents.com/wp-content/uploads/gallery2023-lodge-24.jpg]
[adornmentevents.com/wp-content/uploads/ae-gallery-country-50.jpg]
[adornmentevents.com/wp-content/uploads/gallery2023-ballroom-3.jpg]
[adornmentevents.com/wp-content/uploads/gallery2023-lodge-17.jpg]
[adornmentevents.com/wp-content/uploads/gallery2023-urban-42.jpg]
[adornmentevents.com/wp-content/uploads/gallery2023-urban-35.jpg]
[adornmentevents.com/wp-content/uploads/ae-gallery-modern-11.jpg]
[adornmentevents.com/wp-content/uploads/ae-gallery-pacific-city-1.jpg]
[adornmentevents.com/wp-content/uploads/ae-gallery-boutique-11.jpg]
[adornmentevents.com/wp-content/uploads/gallery2023-lodge-12.jpg]
[adornmentevents.com/wp-content/uploads/ae-gallery-modern-4.jpg]
[adornmentevents.com/wp-content/uploads/gallery2023-urban-11.jpg]
[adornmentevents.com/wp-content/uploads/gallery2023-lodge-40.jpg]
[adornmentevents.com/wp-content/uploads/ae-gallery-ballroom-3.jpg]
[adornmentevents.com/wp-content/uploads/ae-gallery-boutique-12.jpg]
[adornmentevents.com/wp-content/uploads/ae-gallery-modern-12.jpg]
[adornmentevents.com/wp-content/uploads/ae-gallery-ballroom-17.jpg]
[adornmentevents.com/wp-content/uploads/gallery2023-ballroom-35.jpg]
[adornmentevents.com/wp-content/uploads/gallery2023-urban-8.jpg]
[adornmentevents.com/wp-content/uploads/gallery2023-urban-41.jpg]
[adornmentevents.com/wp-content/uploads/ae-gallery-modern-16.jpg]
[adornmentevents.com/wp-content/uploads/gallery2023-lodge-66.jpg]
[adornmentevents.com/wp-content/uploads/gallery2023-urban-7.jpg]
[adornmentevents.com/wp-content/uploads/ae-gallery-ballroom-9.jpg]
[adornmentevents.com/wp-content/uploads/gallery2023-lodge-43.jpg]
[adornmentevents.com/wp-content/uploads/ae-gallery-urban-30.jpg]
[adornmentevents.com/wp-content/uploads/gallery2023-urban-46.jpg]
[adornmentevents.com/wp-content/uploads/gallery2023-lodge-13.jpg]
[adornmentevents.com/wp-content/uploads/ae-gallery-lodge-9.jpg]
[adornmentevents.com/wp-content/uploads/gallery2023-ballroom-47.jpg]
[adornmentevents.com/wp-content/uploads/gallery2023-ballroom-17.jpg]
[adornmentevents.com/wp-content/uploads/ae-gallery-urban-27.jpg]
[adornmentevents.com/wp-content/uploads/gallery2023-urban-3.jpg]
[adornmentevents.com/wp-content/uploads/gallery2023-lodge-60.jpg]
[adornmentevents.com/wp-content/uploads/gallery2023-ballroom-5.jpg]
[adornmentevents.com/wp-content/uploads/gallery2023-lodge-39.jpg]
[adornmentevents.com/wp-content/uploads/gallery2023-urban-25.jpg]
[adornmentevents.com/wp-content/uploads/gallery2023-lodge-45.jpg]
[adornmentevents.com/wp-content/uploads/ae-gallery-ballroom-6.jpg]
[adornmentevents.com/wp-content/uploads/ae-gallery-urban-13.jpg]
[adornmentevents.com/wp-content/uploads/gallery2023-coast-9.jpg]
[adornmentevents.com/wp-content/uploads/gallery2023-urban-12.jpg]
[adornmentevents.com/wp-content/uploads/gallery2023-urban-51.jpg]
[adornmentevents.com/wp-content/uploads/gallery2023-ballroom-37.jpg]
[adornmentevents.com/wp-content/uploads/ae-gallery-pacific-city-13.jpg]
[adornmentevents.com/wp-content/uploads/ae-gallery-evergreen-38.jpg]
[adornmentevents.com/wp-content/uploads/ae-gallery-urban-20.jpg]
[adornmentevents.com/wp-content/uploads/ae-gallery-country-44.jpg]
[adornmentevents.com/wp-content/uploads/gallery2023-lodge-44.jpg]
[adornmentevents.com/wp-content/uploads/gallery2023-ballroom-39.jpg]
[adornmentevents.com/wp-content/uploads/gallery2023-urban-6.jpg]
[adornmentevents.com/wp-content/uploads/gallery2023-lodge-52.jpg]
[adornmentevents.com/wp-content/uploads/ae-gallery-urban-43.jpg]
[adornmentevents.com/wp-content/uploads/ae-gallery-urban-45.jpg]
[adornmentevents.com/wp-content/uploads/ae-gallery-forest-9.jpg]
[adornmentevents.com/wp-content/uploads/gallery2023-coast-11.jpg]
[adornmentevents.com/wp-content/uploads/gallery2023-lodge-72.jpg]
[adornmentevents.com/wp-content/uploads/ae-gallery-boutique-23.jpg]
[adornmentevents.com/wp-content/uploads/ae-gallery-ballroom-8.jpg]
[adornmentevents.com/wp-content/uploads/ae-gallery-evergreen-13.jpg]
[adornmentevents.com/wp-content/uploads/gallery2023-lodge-68.jpg]
[adornmentevents.com/wp-content/uploads/gallery2023-ballroom-22.jpg]
[adornmentevents.com/wp-content/uploads/gallery2023-lodge-65.jpg]
[adornmentevents.com/wp-content/uploads/ae-gallery-lodge-1.jpg]
[adornmentevents.com/wp-content/uploads/ae-gallery-evergreen-25.jpg]
[adornmentevents.com/wp-content/uploads/ae-gallery-urban-22.jpg]
[adornmentevents.com/wp-content/uploads/ae-gallery-pacific-city-21.jpg]
[adornmentevents.com/wp-content/uploads/ae-gallery-modern-2.jpg]
[adornmentevents.com/wp-content/uploads/gallery2023-lodge-78.jpg]
[adornmentevents.com/wp-content/uploads/gallery2023-ballroom-2.jpg]
[adornmentevents.com/wp-content/uploads/ae-gallery-modern-9.jpg]
[adornmentevents.com/wp-content/uploads/ae-gallery-pacific-city-27.jpg]
[adornmentevents.com/wp-content/uploads/ae-gallery-coast-2.jpg]
[adornmentevents.com/wp-content/uploads/ae-gallery-evergreen-4.jpg]
[adornmentevents.com/wp-content/uploads/gallery2023-lodge-48.jpg]
[adornmentevents.com/wp-content/uploads/gallery2023-urban-23.jpg]
[adornmentevents.com/wp-content/uploads/gallery2023-urban-1.jpg]
[adornmentevents.com/wp-content/uploads/ae-gallery-modern-28.jpg]
[adornmentevents.com/wp-content/uploads/gallery2023-ballroom-44.jpg]
[adornmentevents.com/wp-content/uploads/ae-gallery-ballroom-4.jpg]
[adornmentevents.com/wp-content/uploads/ae-gallery-urban-17.jpg]
[adornmentevents.com/wp-content/uploads/gallery2023-ballroom-19.jpg]
[adornmentevents.com/wp-content/uploads/ae-gallery-urban-33.jpg]
[adornmentevents.com/wp-content/uploads/ae-gallery-evergreen-3.jpg]
[adornmentevents.com/wp-content/uploads/ae-gallery-modern-30.jpg]
[adornmentevents.com/wp-content/uploads/gallery2023-urban-31.jpg]
[adornmentevents.com/wp-content/uploads/gallery2023-urban-10.jpg]
[adornmentevents.com/wp-content/uploads/ae-gallery-urban-4.jpg]
[adornmentevents.com/wp-content/uploads/ae-gallery-urban-12.jpg]
[adornmentevents.com/wp-content/uploads/gallery2023-coast-20.jpg]
[adornmentevents.com/wp-content/uploads/gallery2023-lodge-7.jpg]
[adornmentevents.com/wp-content/uploads/ae-gallery-evergreen-42.jpg]
[adornmentevents.com/wp-content/uploads/gallery2023-ballroom-42.jpg]
[adornmentevents.com/wp-content/uploads/ae-gallery-urban-37.jpg]
[adornmentevents.com/wp-content/uploads/gallery2023-ballroom-43.jpg]
[adornmentevents.com/wp-content/uploads/ae-gallery-modern-17.jpg]
[adornmentevents.com/wp-content/uploads/gallery2023-urban-17.jpg]
[adornmentevents.com/wp-content/uploads/ae-gallery-coast-7.jpg]
[adornmentevents.com/wp-content/uploads/gallery2023-lodge-76.jpg]
[adornmentevents.com/wp-content/uploads/gallery2023-urban-16.jpg]
[adornmentevents.com/wp-content/uploads/gallery2023-ballroom-12.jpg]
[adornmentevents.com/wp-content/uploads/gallery2023-urban-4.jpg]
[adornmentevents.com/wp-content/uploads/gallery2023-urban-2.jpg]
[adornmentevents.com/wp-content/uploads/ae-gallery-urban-28.jpg]
[adornmentevents.com/wp-content/uploads/ae-gallery-ballroom-30.jpg]
[adornmentevents.com/wp-content/uploads/gallery2023-lodge-20.jpg]
[adornmentevents.com/wp-content/uploads/ae-gallery-coast-9.jpg]
[adornmentevents.com/wp-content/uploads/gallery2023-ballroom-1.jpg]
[adornmentevents.com/wp-content/uploads/gallery2023-lodge-67.jpg]
[adornmentevents.com/wp-content/uploads/gallery2023-lodge-51.jpg]
[adornmentevents.com/wp-content/uploads/ae-gallery-urban-15.jpg]
[adornmentevents.com/wp-content/uploads/ae-gallery-modern-7.jpg]
[adornmentevents.com/wp-content/uploads/gallery2023-lodge-21.jpg]
[adornmentevents.com/wp-content/uploads/gallery2023-lodge-25.jpg]
[adornmentevents.com/wp-content/uploads/gallery2023-coast-6.jpg]
[adornmentevents.com/wp-content/uploads/gallery2023-urban-48.jpg]
[adornmentevents.com/wp-content/uploads/ae-gallery-urban-34.jpg]
[adornmentevents.com/wp-content/uploads/gallery2023-urban-27.jpg]
[adornmentevents.com/wp-content/uploads/gallery2023-urban-19.jpg]
[adornmentevents.com/wp-content/uploads/gallery2023-lodge-15.jpg]
[adornmentevents.com/wp-content/uploads/gallery2023-ballroom-10.jpg]
[adornmentevents.com/wp-content/uploads/ae-gallery-lodge-30.jpg]
[adornmentevents.com/wp-content/uploads/gallery2023-ballroom-16.jpg]
[adornmentevents.com/wp-content/uploads/ae-gallery-coast-19.jpg]
[adornmentevents.com/wp-content/uploads/ae-gallery-urban-44.jpg]
[adornmentevents.com/wp-content/uploads/ae-gallery-urban-41.jpg]
[adornmentevents.com/wp-content/uploads/gallery2023-ballroom-18.jpg]
[adornmentevents.com/wp-content/uploads/ae-gallery-urban-18.jpg]
[adornmentevents.com/wp-content/uploads/gallery2023-ballroom-38.jpg]
[adornmentevents.com/wp-content/uploads/ae-gallery-ballroom-10.jpg]
[adornmentevents.com/wp-content/uploads/gallery2023-lodge-28.jpg]
[adornmentevents.com/wp-content/uploads/ae-gallery-boutique-25.jpg]
[adornmentevents.com/wp-content/uploads/gallery2023-ballroom-32.jpg]
[adornmentevents.com/wp-content/uploads/gallery2023-lodge-10.jpg]
[adornmentevents.com/wp-content/uploads/gallery2023-ballroom-9.jpg]
[adornmentevents.com/wp-content/uploads/ae-gallery-pacific-city-12.jpg]
[adornmentevents.com/wp-content/uploads/gallery2023-ballroom-28.jpg]
[adornmentevents.com/wp-content/uploads/gallery2023-lodge-18.jpg]
[adornmentevents.com/wp-content/uploads/ae-gallery-modern-10.jpg]
[adornmentevents.com/wp-content/uploads/gallery2023-coast-13.jpg]
[adornmentevents.com/wp-content/uploads/gallery2023-ballroom-30.jpg]
[adornmentevents.com/wp-content/uploads/ae-gallery-coast-5.jpg]
[adornmentevents.com/wp-content/uploads/ae-gallery-boutique-15.jpg]
[adornmentevents.com/wp-content/uploads/ae-gallery-lodge-25.jpg]
[adornmentevents.com/wp-content/uploads/gallery2023-ballroom-8.jpg]
[adornmentevents.com/wp-content/uploads/ae-gallery-boutique-5.jpg]
[adornmentevents.com/wp-content/uploads/gallery2023-coast-16.jpg]
[adornmentevents.com/wp-content/uploads/gallery2023-lodge-74.jpg]
[adornmentevents.com/wp-content/uploads/ae-gallery-evergreen-9.jpg]
[adornmentevents.com/wp-content/uploads/gallery2023-urban-28.jpg]
[adornmentevents.com/wp-content/uploads/gallery2023-urban-37.jpg]
[adornmentevents.com/wp-content/uploads/ae-gallery-urban-32.jpg]
[adornmentevents.com/wp-content/uploads/gallery2023-urban-45.jpg]
[adornmentevents.com/wp-content/uploads/ae-gallery-evergreen-10.jpg]
[adornmentevents.com/wp-content/uploads/ae-gallery-modern-19.jpg]
[adornmentevents.com/wp-content/uploads/gallery2023-urban-32.jpg]
[adornmentevents.com/wp-content/uploads/ae-gallery-boutique-13.jpg]
[adornmentevents.com/wp-content/uploads/ae-gallery-lodge-15.jpg]
[adornmentevents.com/wp-content/uploads/ae-gallery-urban-16.jpg]
[adornmentevents.com/wp-content/uploads/gallery2023-lodge-70.jpg]
[adornmentevents.com/wp-content/uploads/ae-gallery-evergreen-1.jpg]
[adornmentevents.com/wp-content/uploads/gallery2023-urban-50.jpg]
[adornmentevents.com/wp-content/uploads/gallery2023-urban-49.jpg]
[adornmentevents.com/wp-content/uploads/gallery2023-lodge-36.jpg]
[adornmentevents.com/wp-content/uploads/gallery2023-lodge-53.jpg]
[adornmentevents.com/wp-content/uploads/gallery2023-ballroom-11.jpg]
[adornmentevents.com/wp-content/uploads/gallery2023-lodge-9.jpg]
[adornmentevents.com/wp-content/uploads/ae-gallery-pacific-city-3.jpg]
[adornmentevents.com/wp-content/uploads/gallery2023-urban-24.jpg]
[adornmentevents.com/wp-content/uploads/ae-gallery-ballroom-15.jpg]
[adornmentevents.com/wp-content/uploads/gallery2023-ballroom-33.jpg]
[adornmentevents.com/wp-content/uploads/ae-gallery-coast-4.jpg]
[adornmentevents.com/wp-content/uploads/gallery2023-coast-22.jpg]
[adornmentevents.com/wp-content/uploads/ae-gallery-coast-10.jpg]
[adornmentevents.com/wp-content/uploads/ae-gallery-urban-21.jpg]
[adornmentevents.com/wp-content/uploads/gallery2023-ballroom-29.jpg]
[adornmentevents.com/wp-content/uploads/ae-gallery-evergreen-28.jpg]
[adornmentevents.com/wp-content/uploads/gallery2023-urban-13.jpg]
[adornmentevents.com/wp-content/uploads/gallery2023-lodge-79.jpg]
[adornmentevents.com/wp-content/uploads/ae-gallery-coast-1.jpg]
[adornmentevents.com/wp-content/uploads/ae-gallery-boutique-19.jpg]
[adornmentevents.com/wp-content/uploads/ae-gallery-urban-10.jpg]
[adornmentevents.com/wp-content/uploads/ae-gallery-urban-29.jpg]
[adornmentevents.com/wp-content/uploads/gallery2023-ballroom-24.jpg]
[adornmentevents.com/wp-content/uploads/gallery2023-lodge-31.jpg]
[adornmentevents.com/wp-content/uploads/ae-gallery-modern-8.jpg]
[adornmentevents.com/wp-content/uploads/ae-gallery-pacific-city-24.jpg]
[adornmentevents.com/wp-content/uploads/ae-gallery-modern-23.jpg]
[adornmentevents.com/wp-content/uploads/ae-gallery-coast-23.jpg]
[adornmentevents.com/wp-content/uploads/ae-gallery-boutique-56.jpg]
[adornmentevents.com/wp-content/uploads/ae-gallery-boutique-65.jpg]
[adornmentevents.com/wp-content/uploads/ae-gallery-lodge-8.jpg]
[adornmentevents.com/wp-content/uploads/ae-gallery-urban-38.jpg]
[adornmentevents.com/wp-content/uploads/gallery2023-urban-14.jpg]
[adornmentevents.com/wp-content/uploads/gallery2023-lodge-38.jpg]
[adornmentevents.com/wp-content/uploads/ae-gallery-urban-19.jpg]
[adornmentevents.com/wp-content/uploads/gallery2023-lodge-34.jpg]
[adornmentevents.com/wp-content/uploads/gallery2023-coast-12.jpg]
[adornmentevents.com/wp-content/uploads/gallery2023-lodge-5.jpg]
[adornmentevents.com/wp-content/uploads/gallery2023-coast-7.jpg]
[adornmentevents.com/wp-content/uploads/gallery2023-coast-17.jpg]
[adornmentevents.com/wp-content/uploads/gallery2023-lodge-54.jpg]
[adornmentevents.com/wp-content/uploads/gallery2023-lodge-71.jpg]
[adornmentevents.com/wp-content/uploads/gallery2023-lodge-64.jpg]
[adornmentevents.com/wp-content/uploads/ae-gallery-boutique-84.jpg]
[adornmentevents.com/wp-content/uploads/gallery2023-ballroom-4.jpg]
[adornmentevents.com/wp-content/uploads/gallery2023-ballroom-45.jpg]
[adornmentevents.com/wp-content/uploads/gallery2023-ballroom-20.jpg]
[adornmentevents.com/wp-content/uploads/ae-gallery-forest-4.jpg]
[adornmentevents.com/wp-content/uploads/gallery2023-lodge-29.jpg]
[adornmentevents.com/wp-content/uploads/ae-gallery-boutique-73.jpg]
[adornmentevents.com/wp-content/uploads/ae-gallery-pacific-city-14.jpg]
[adornmentevents.com/wp-content/uploads/ae-gallery-coast-13.jpg]
[adornmentevents.com/wp-content/uploads/ae-gallery-pacific-city-19.jpg]
[adornmentevents.com/wp-content/uploads/gallery2023-lodge-73.jpg]
[adornmentevents.com/wp-content/uploads/gallery2023-urban-18.jpg]
[adornmentevents.com/wp-content/uploads/gallery2023-urban-44.jpg]
[adornmentevents.com/wp-content/uploads/ae-gallery-boutique-3.jpg]
[adornmentevents.com/wp-content/uploads/ae-gallery-modern-5.jpg]
[adornmentevents.com/wp-content/uploads/gallery2023-coast-5.jpg]
[adornmentevents.com/wp-content/uploads/gallery2023-lodge-4.jpg]
[adornmentevents.com/wp-content/uploads/ae-gallery-urban-26.jpg]
[adornmentevents.com/wp-content/uploads/gallery2023-lodge-59.jpg]
[adornmentevents.com/wp-content/uploads/gallery2023-coast-19.jpg]
[adornmentevents.com/wp-content/uploads/ae-gallery-boutique-6.jpg]
[adornmentevents.com/wp-content/uploads/gallery2023-ballroom-51.jpg]
[adornmentevents.com/wp-content/uploads/gallery2023-urban-33.jpg]
[adornmentevents.com/wp-content/uploads/gallery2023-urban-21.jpg]
[adornmentevents.com/wp-content/uploads/gallery2023-urban-34.jpg]
[adornmentevents.com/wp-content/uploads/gallery2023-ballroom-49.jpg]
[adornmentevents.com/wp-content/uploads/gallery2023-urban-52.jpg]
[adornmentevents.com/wp-content/uploads/gallery2023-urban-26.jpg]
[adornmentevents.com/wp-content/uploads/gallery2023-urban-38.jpg]
[adornmentevents.com/wp-content/uploads/gallery2023-lodge-57.jpg]
[adornmentevents.com/wp-content/uploads/ae-gallery-modern-29.jpg]
[adornmentevents.com/wp-content/uploads/ae-gallery-evergreen-30.jpg]
[adornmentevents.com/wp-content/uploads/gallery2023-ballroom-7.jpg]
[adornmentevents.com/wp-content/uploads/ae-gallery-urban-24.jpg]
[adornmentevents.com/wp-content/uploads/gallery2023-coast-1.jpg]
[adornmentevents.com/wp-content/uploads/gallery2023-lodge-19.jpg]
[adornmentevents.com/wp-content/uploads/gallery2023-lodge-49.jpg]
[adornmentevents.com/wp-content/uploads/gallery2023-lodge-77.jpg]
[adornmentevents.com/wp-content/uploads/gallery2023-lodge-63.jpg]
[adornmentevents.com/wp-content/uploads/ae-gallery-boutique-4.jpg]
[adornmentevents.com/wp-content/uploads/gallery2023-lodge-30.jpg]
[adornmentevents.com/wp-content/uploads/gallery2023-ballroom-6.jpg]
[adornmentevents.com/wp-content/uploads/ae-gallery-country-51.jpg]
[adornmentevents.com/wp-content/uploads/ae-gallery-forest-5.jpg]
[adornmentevents.com/wp-content/uploads/ae-gallery-forest-2.jpg]
[adornmentevents.com/wp-content/uploads/ae-gallery-boutique-20.jpg]
[adornmentevents.com/wp-content/uploads/ae-gallery-urban-40.jpg]
[adornmentevents.com/wp-content/uploads/ae-gallery-pacific-city-22.jpg]
[adornmentevents.com/wp-content/uploads/gallery2023-ballroom-23.jpg]
[adornmentevents.com/wp-content/uploads/ae-gallery-evergreen-5.jpg]
[adornmentevents.com/wp-content/uploads/gallery2023-urban-20.jpg]
[adornmentevents.com/wp-content/uploads/gallery2023-urban-22.jpg]
[adornmentevents.com/wp-content/uploads/gallery2023-urban-39.jpg]
[adornmentevents.com/wp-content/uploads/gallery2023-lodge-8.jpg]
[adornmentevents.com/wp-content/uploads/ae-gallery-pacific-city-28.jpg]
[adornmentevents.com/wp-content/uploads/ae-gallery-country-106.jpg]
[adornmentevents.com/wp-content/uploads/ae-gallery-urban-50.jpg]
[adornmentevents.com/wp-content/uploads/ae-gallery-lodge-10.jpg]
[adornmentevents.com/wp-content/uploads/ae-gallery-pacific-city-7.jpg]
[adornmentevents.com/wp-content/uploads/gallery2023-lodge-62.jpg]
[adornmentevents.com/wp-content/uploads/ae-gallery-modern-14.jpg]
[adornmentevents.com/wp-content/uploads/gallery2023-lodge-6.jpg]
[adornmentevents.com/wp-content/uploads/ae-gallery-country-47.jpg]
[adornmentevents.com/wp-content/uploads/ae-gallery-pacific-city-16.jpg]
[adornmentevents.com/wp-content/uploads/gallery2023-urban-40.jpg]
[adornmentevents.com/wp-content/uploads/ae-gallery-boutique-36.jpg]
[adornmentevents.com/wp-content/uploads/gallery2023-lodge-33.jpg]
[adornmentevents.com/wp-content/uploads/ae-gallery-urban-35.jpg]
[adornmentevents.com/wp-content/uploads/ae-gallery-pacific-city-17.jpg]
[adornmentevents.com/wp-content/uploads/gallery2023-ballroom-41.jpg]
[adornmentevents.com/wp-content/uploads/ae-gallery-urban-7.jpg]
[adornmentevents.com/wp-content/uploads/gallery2023-urban-43.jpg]
[adornmentevents.com/wp-content/uploads/ae-gallery-evergreen-7.jpg]
[adornmentevents.com/wp-content/uploads/ae-gallery-pacific-city-20.jpg]
[adornmentevents.com/wp-content/uploads/ae-gallery-lodge-27.jpg]
[adornmentevents.com/wp-content/uploads/ae-gallery-urban-42.jpg]
[adornmentevents.com/wp-content/uploads/ae-gallery-modern-6.jpg]
[adornmentevents.com/wp-content/uploads/ae-gallery-urban-36.jpg]
[adornmentevents.com/wp-content/uploads/ae-gallery-coast-14.jpg]
[adornmentevents.com/wp-content/uploads/ae-gallery-modern-15.jpg]
[adornmentevents.com/wp-content/uploads/gallery2023-lodge-41.jpg]
[adornmentevents.com/wp-content/uploads/ae-gallery-ballroom-5.jpg]
[adornmentevents.com/wp-content/uploads/gallery2023-lodge-58.jpg]
[adornmentevents.com/wp-content/uploads/ae-gallery-country-65.jpg]
[adornmentevents.com/wp-content/uploads/gallery2023-ballroom-26.jpg]
[adornmentevents.com/wp-content/uploads/ae-gallery-forest-8.jpg]
[adornmentevents.com/wp-content/uploads/gallery2023-ballroom-14.jpg]
[adornmentevents.com/wp-content/uploads/gallery2023-lodge-46.jpg]
[adornmentevents.com/wp-content/uploads/gallery2023-urban-5.jpg]
[adornmentevents.com/wp-content/uploads/ae-gallery-evergreen-12.jpg]
[adornmentevents.com/wp-content/uploads/gallery2023-lodge-56.jpg]
[adornmentevents.com/wp-content/uploads/ae-gallery-boutique-30.jpg]
[adornmentevents.com/wp-content/uploads/ae-gallery-lodge-19.jpg]
[adornmentevents.com/wp-content/uploads/ae-gallery-coast-8.jpg]
[adornmentevents.com/wp-content/uploads/ae-gallery-boutique-17.jpg]
[adornmentevents.com/wp-content/uploads/ae-gallery-urban-23.jpg]
[adornmentevents.com/wp-content/uploads/ae-gallery-forest-3.jpg]
[adornmentevents.com/wp-content/uploads/gallery2023-ballroom-15.jpg]
[adornmentevents.com/wp-content/uploads/ae-gallery-modern-13.jpg]
[adornmentevents.com/wp-content/uploads/gallery2023-coast-8.jpg]
[adornmentevents.com/wp-content/uploads/ae-gallery-coast-6.jpg]
[adornmentevents.com/wp-content/uploads/ae-gallery-ballroom-24.jpg]
[adornmentevents.com/wp-content/uploads/gallery2023-ballroom-40.jpg]
[adornmentevents.com/wp-content/uploads/ae-gallery-ballroom-21.jpg]
[adornmentevents.com/wp-content/uploads/ae-gallery-evergreen-16.jpg]
[adornmentevents.com/wp-content/uploads/gallery2023-lodge-23.jpg]
[adornmentevents.com/wp-content/uploads/ae-gallery-modern-18.jpg]
[adornmentevents.com/wp-content/uploads/gallery2023-ballroom-21.jpg]
[adornmentevents.com/wp-content/uploads/gallery2023-ballroom-25.jpg]
[adornmentevents.com/wp-content/uploads/gallery2023-ballroom-36.jpg]
[adornmentevents.com/wp-content/uploads/gallery2023-ballroom-31.jpg]
[adornmentevents.com/wp-content/uploads/gallery2023-lodge-69.jpg]
[adornmentevents.com/wp-content/uploads/gallery2023-lodge-61.jpg]
[adornmentevents.com/wp-content/uploads/gallery2023-lodge-75.jpg]
[adornmentevents.com/wp-content/uploads/ae-gallery-boutique-2.jpg]
[adornmentevents.com/wp-content/uploads/gallery2023-coast-23.jpg]
[adornmentevents.com/wp-content/uploads/ae-gallery-coast-3.jpg]
[adornmentevents.com/wp-content/uploads/ae-gallery-coast-16.jpg]
[adornmentevents.com/wp-content/uploads/ae-gallery-ballroom-22.jpg]
[adornmentevents.com/wp-content/uploads/ae-gallery-pacific-city-18.jpg]
[adornmentevents.com/wp-content/uploads/gallery2023-lodge-47.jpg]
[adornmentevents.com/wp-content/uploads/ae-gallery-pacific-city-26.jpg]
[adornmentevents.com/wp-content/uploads/ae-gallery-coast-20.jpg]
[adornmentevents.com/wp-content/uploads/ae-gallery-urban-49.jpg]
[adornmentevents.com/wp-content/uploads/ae-gallery-modern-27.jpg]
[adornmentevents.com/wp-content/uploads/gallery2023-lodge-3.jpg]
[adornmentevents.com/wp-content/uploads/gallery2023-lodge-27.jpg]
[adornmentevents.com/wp-content/uploads/ae-gallery-urban-25.jpg]
[adornmentevents.com/wp-content/uploads/gallery2023-ballroom-34.jpg]
[adornmentevents.com/wp-content/uploads/ae-gallery-modern-20.jpg]
[adornmentevents.com/wp-content/uploads/ae-gallery-evergreen-51.jpg]
[adornmentevents.com/wp-content/uploads/gallery2023-lodge-37.jpg]
[adornmentevents.com/wp-content/uploads/ae-gallery-evergreen-39.jpg]
[adornmentevents.com/wp-content/uploads/gallery2023-lodge-50.jpg]
[adornmentevents.com/wp-content/uploads/gallery2023-coast-14.jpg]
[adornmentevents.com/wp-content/uploads/gallery2023-lodge-16.jpg]
[adornmentevents.com/wp-content/uploads/gallery2023-ballroom-27.jpg]
[adornmentevents.com/wp-content/uploads/gallery2023-urban-29.jpg]
[adornmentevents.com/wp-content/uploads/ae-gallery-evergreen-29.jpg]
[adornmentevents.com/wp-content/uploads/ae-gallery-lodge-12.jpg]
[adornmentevents.com/wp-content/uploads/gallery2023-urban-36.jpg]
[adornmentevents.com/wp-content/uploads/gallery2023-ballroom-48.jpg]
[adornmentevents.com/wp-content/uploads/gallery2023-lodge-1.jpg]
[adornmentevents.com/wp-content/uploads/ae-gallery-lodge-23.jpg]
[adornmentevents.com/wp-content/uploads/ae-gallery-coast-24.jpg]
[adornmentevents.com/wp-content/uploads/gallery2023-urban-9.jpg]
[adornmentevents.com/wp-content/uploads/ae-gallery-boutique-31.jpg]
[adornmentevents.com/wp-content/uploads/gallery2023-lodge-32.jpg]
[adornmentevents.com/wp-content/uploads/ae-gallery-urban-31.jpg]
[adornmentevents.com/wp-content/uploads/ae-gallery-boutique-67.jpg]
[adornmentevents.com/wp-content/uploads/gallery2023-lodge-55.jpg]
[adornmentevents.com/wp-content/uploads/ae-gallery-ballroom-12.jpg]
[adornmentevents.com/wp-content/uploads/gallery2023-coast-21.jpg]
[adornmentevents.com/wp-content/uploads/ae-gallery-ballroom-18.jpg]
[adornmentevents.com/wp-content/uploads/gallery2023-lodge-22.jpg]
[adornmentevents.com/wp-content/uploads/gallery2023-coast-10.jpg]
[adornmentevents.com/wp-content/uploads/ae-gallery-lodge-14.jpg]
[adornmentevents.com/wp-content/uploads/ae-gallery-pacific-city-15.jpg]
[adornmentevents.com/wp-content/uploads/gallery2023-ballroom-50.jpg]
[adornmentevents.com/wp-content/uploads/ae-gallery-boutique-7.jpg]
[adornmentevents.com/wp-content/uploads/gallery2023-lodge-26.jpg]
[adornmentevents.com/wp-content/uploads/gallery2023-urban-47.jpg]
[adornmentevents.com/galleries/index.html]
[adornmentevents.com/contact/i]
[adornmentevents.com/contact/index.html]
[adornmentevents.com/wp-content/uploads/ae-logo-2022-horizontal.svg]
[adornmentevents.com/wp-content/uploads/crown-divide-center.svg]
[adornmentevents.com/wedding-planning.html]
[adornmentevents.com/wp-content/uploads/ae-logo-2022-light.svg]
[adornmentevents.com/wp-admin/admin-ajax.html]
[adornmentevents.com/about-us/i.html]
[adornmentevents.com/about-us/Firefox/index.html]
[adornmentevents.com/preferred-partners/i.html]
[adornmentevents.com/preferred-partners/Firefox/index.html]
[adornmentevents.com/wp-content/cache/background-css/adornmentevents.com/wp-content/plugins/instagram-feed-pro/css/sbi-styles.mine1f6.css]
[adornmentevents.com/wp-content/themes/hello-elementor/style.min41fe.css]
[adornmentevents.com/wp-content/themes/hello-elementor/theme.min41fe.css]
[adornmentevents.com/wp-content/plugins/elementor/assets/css/frontend-lite.min34a7.css]
[adornmentevents.com/wp-content/cache/min/1/wp-content/plugins/elementor/assets/lib/swiper/v8/css/swiper.min6eaf.css]
[adornmentevents.com/wp-json/wp/v2/pages/541.json]
[adornmentevents.com/contact/Firefox/index.html]
[adornmentevents.com/wp-content/uploads/avenir-next-bold.woff2]
[adornmentevents.com/wp-content/uploads/avenir-next-bold.woff]
[adornmentevents.com/wp-content/uploads/elementor/css/post-72bdf.css]
[adornmentevents.com/wp-content/plugins/elementor-pro/assets/css/frontend-lite.min34a7.css]
[adornmentevents.com/wp-content/uploads/elementor/css/global2bdf.css]
[adornmentevents.com/wp-content/uploads/elementor/css/post-6932c7b.css]
[adornmentevents.com/wp-content/uploads/elementor/css/post-306eaf.css]
[adornmentevents.com/wp-content/uploads/elementor/css/post-512bdf.css]
[adornmentevents.com/wp-content/themes/hello-theme-child-master/style8a54.css]
[adornmentevents.com/wp-content/plugins/elementor-pro/assets/css/widget-nav-menu.min.css]
[adornmentevents.com/wp-content/uploads/elementor/css/post-13825c2d.css]
[adornmentevents.com/wp-content/plugins/elementor/assets/lib/animations/animations.min34a7.css]
[adornmentevents.com/wedding-planning/i.html]
[adornmentevents.com/wedding-planning/Firefox/index.html]
[adornmentevents.com/wp-content/cache/background-css/adornmentevents.com/wp-content/plugins/instagram-feed-pro/css/sbi-styles.mined03.css]
[adornmentevents.com/wp-content/cache/background-css/adornmentevents.com/wp-content/uploads/elementor/css/post-571c56c.css]
[adornmentevents.com/destination-weddings/i.html]
[adornmentevents.com/destination-weddings/Firefox/index.html]
[adornmentevents.com/corporate-events/i.html]
[adornmentevents.com/corporate-events/Firefox/index.html]
[adornmentevents.com/kind-words/i.html]
[adornmentevents.com/kind-words/Firefox/index.html]
[adornmentevents.com/galleries/i.html]
[adornmentevents.com/galleries/Firefox/index.html]
[adornmentevents.com/contact/i.html]
[adornmentevents.com/contact/Firefox/index.html]
